// Jest Snapshot v1, https://goo.gl/fbAQLP

exports[`shallow renders 1`] = `
<div
  class="airbnb-grid"
>
  <img
    class="airbnbImg"
    src="https://images.unsplash.com/photo-1490806230066-f7e6f7bf5052?ixlib=rb-0.3.5&ixid=eyJhcHBfaWQiOjEyMDd9&s=2ca889535ea01f912f94ac4ddf0034e0&auto=format&fit=crop&w=500&q=80"
  />
  <span
    class="airbnbTitle"
  >
    Centrally-located Manhattan studio
  </span>
  <span
    class="airbnbCost"
  >
    $105
  </span>
  <button
    class="airbnbBookingButton"
  >
    Book
  </button>
</div>
`;
